Algorithm\motor_control.c:46:16:MotorControl_IsValidMotor	16	static
Algorithm\motor_control.c:51:16:MotorControl_OutputToDuty	16	static
Algorithm\motor_control.c:61:19:MotorControl_Init	16	static
Algorithm\motor_control.c:96:6:MotorControl_Update	24	static
Algorithm\motor_control.c:120:6:MotorControl_SetTarget	16	static
Algorithm\motor_control.c:130:6:MotorControl_SetTargetAll	24	static
Algorithm\motor_control.c:141:9:MotorControl_GetTarget	16	static
Algorithm\motor_control.c:151:9:MotorControl_GetActual	16	static
Algorithm\motor_control.c:161:9:MotorControl_GetDuty	16	static
Algorithm\motor_control.c:171:6:MotorControl_SetPID	24	static
Algorithm\motor_control.c:181:6:MotorControl_SetDutyLimit	16	static
Algorithm\motor_control.c:203:6:MotorControl_SetDutyLimitAll	24	static
Algorithm\motor_control.c:211:6:MotorControl_ResetPID	16	static
Algorithm\motor_control.c:221:6:MotorControl_ResetAllPID	16	static
Algorithm\motor_control.c:229:6:MotorControl_Enable	16	static
Algorithm\motor_control.c:240:6:MotorControl_Disable	16	static
Algorithm\motor_control.c:253:6:MotorControl_EnableAll	16	static
Algorithm\motor_control.c:261:6:MotorControl_DisableAll	16	static
Algorithm\motor_control.c:269:6:MotorControl_StopAll	16	static
Algorithm\motor_control.c:281:6:MotorControl_SetMotorDirectionInverted	16	static
Algorithm\motor_control.c:291:6:MotorControl_SetEncoderDirectionInverted	16	static
Algorithm\motor_control.c:301:6:MotorControl_GetSerialPlotData	32	static
